
> ghost-arc@0.1.0 build
> next build

▲ Next.js 16.2.3 (Turbopack)
- Environments: .env.local

  Creating an optimized production build ...
✓ Compiled successfully in 11.0s
  Running TypeScript ...
  Finished TypeScript in 8.2s ...
  Collecting page data using 5 workers ...
  Generating static pages using 5 workers (0/12) ...
  Generating static pages using 5 workers (3/12) 
  Generating static pages using 5 workers (6/12) 
  Generating static pages using 5 workers (9/12) 
✓ Generating static pages using 5 workers (12/12) in 286ms
  Finalizing page optimization ...

Route (app)
┌ ƒ /
├ ○ /_not-found
├ ƒ /api/ai/cancel
├ ƒ /api/ai/design
├ ƒ /api/ai/design/token
├ ƒ /api/ai/spec
├ ƒ /api/ai/spec/[roomId]
├ ƒ /api/ai/spec/token
├ ƒ /api/liveblocks-auth
├ ƒ /api/projects
├ ƒ /api/projects/[projectId]
├ ƒ /api/projects/[projectId]/canvas
├ ƒ /api/projects/[projectId]/collaborators
├ ƒ /api/projects/[projectId]/spec
├ ƒ /api/projects/[projectId]/specs/[specId]/download
├ ƒ /editor
├ ƒ /editor/[roomId]
├ ƒ /sign-in/[[...sign-in]]
└ ƒ /sign-up/[[...sign-up]]


ƒ Proxy (Middleware)

○  (Static)   prerendered as static content
ƒ  (Dynamic)  server-rendered on demand

